
> bmw-portal-project-management-dashboard@0.0.0 build
> vite build

[36mvite v6.3.6 [32mbuilding for production...[36m[39m
node.exe : 
At line:1 char:1
+ & "C:\Program Files\nodejs/node.exe" "C:\Prog
ram Files\nodejs/node_mo ...
+ ~~~~~~~~~~~~~~~~~~~~~~~~~~~~~~~~~~~~~~~~~~~~~
~~~~~~~~~~~~~~~~~~~~~~~~
    + CategoryInfo          : NotSpecified: (: 
   String) [], RemoteException
    + FullyQualifiedErrorId : NativeCommandErr 
   or
 
/index.css doesn't exist at build time, it will
 remain unchanged to be resolved at runtime
transforming...
[32mÔ£ô[39m 3 modules transformed.
[31mÔ£ù[39m Build failed in 186ms
[31merror during build:
[31m[vite:load-fallback] Could not load C:\Use
rs\Murat Karahalilo─şlu\Downloads\dene-mai\dene
-main\bmw-portal-project-management-dashboard\b
mw-portal-project-management-dashboard\frontend
\src/contexts/AuthContext (imported by src/inde
x.tsx): ENOENT: no such file or directory, open
 'C:\Users\Murat Karahalilo─şlu\Downloads\dene-
mai\dene-main\bmw-portal-project-management-das
hboard\bmw-portal-project-management-dashboard\
frontend\src\contexts\AuthContext'[31m
    at async open (node:internal/fs/promises:64
1:25)
    at async Object.readFile (node:internal/fs/
promises:1245:14)
    at async Object.handler (file:///C:/Users/M
urat%20Karahalilo%C4%9Flu/Downloads/dene-mai/de
ne-main/bmw-portal-project-management-dashboard
/bmw-portal-project-management-dashboard/fronte
nd/node_modules/vite/dist/node/chunks/dep-Bu492
Fnd.js:45861:27)
    at async PluginDriver.hookFirstAndGetPlugin
 (file:///C:/Users/Murat%20Karahalilo%C4%9Flu/D
ownloads/dene-mai/dene-main/bmw-portal-project-
management-dashboard/bmw-portal-project-managem
ent-dashboard/frontend/node_modules/rollup/dist
/es/shared/node-entry.js:22308:28)
    at async file:///C:/Users/Murat%20Karahalil
o%C4%9Flu/Downloads/dene-mai/dene-main/bmw-port
al-project-management-dashboard/bmw-portal-proj
ect-management-dashboard/frontend/node_modules/
rollup/dist/es/shared/node-entry.js:21308:33
    at async Queue.work (file:///C:/Users/Murat
%20Karahalilo%C4%9Flu/Downloads/dene-mai/dene-m
ain/bmw-portal-project-management-dashboard/bmw
-portal-project-management-dashboard/frontend/n
ode_modules/rollup/dist/es/shared/node-entry.js
:22536:32)[39m
